 KRNL32

 Timestamp is 48e02810 (Sun Sep 28 19:57:52 2008)

 Preferred load address is 00100000

 Start         Length     Name                   Class
 0001:00000000 00001135H .text                   CODE
 0002:00000000 000008c4H .rdata                  DATA
 0003:00000000 00000004H .CRT$XCA                DATA
 0003:00000004 00000004H .CRT$XCZ                DATA
 0003:00000008 00000034H .data                   DATA
 0003:00000040 00000870H .bss                    DATA
 0004:00000000 00000058H .rsrc$01                DATA
 0004:00000060 00000320H .rsrc$02                DATA

  Address         Publics by Value              Rva+Base       Lib:Object

 0000:00000000       ___safe_se_handler_count   00000000     <absolute>
 0000:00000000       ___safe_se_handler_table   00000000     <absolute>
 0001:00000000       ?kernel_entry@@YAXPAUmultiboot_info@@@Z 00100400 f   entry.obj
 0001:00000029       ?kmain@@YAHPAUmultiboot_info@@@Z 00100429 f   main.obj
 0001:000002a1       ?DebugPutc@@YAXE@Z         001006a1 f   DebugDisplay.obj
 0001:00000326       ?itoa@@YAXIIPAD@Z          00100726 f   DebugDisplay.obj
 0001:0000037e       ?itoa_s@@YAXHIPAD@Z        0010077e f   DebugDisplay.obj
 0001:000003a1       ?DebugSetColor@@YAII@Z     001007a1 f   DebugDisplay.obj
 0001:000003b3       ?DebugGotoXY@@YAXII@Z      001007b3 f   DebugDisplay.obj
 0001:000003d8       ?DebugClrScr@@YAXE@Z       001007d8 f   DebugDisplay.obj
 0001:00000402       ?DebugPuts@@YAXPAD@Z       00100802 f   DebugDisplay.obj
 0001:00000433       ?DebugPrintf@@YAHPBDZZ     00100833 f   DebugDisplay.obj
 0001:00000521       ?divide_by_zero_fault@@YAXIII@Z 00100921 f   exception.obj
 0001:00000540       ?single_step_trap@@YAXIII@Z 00100940 f   exception.obj
 0001:0000055f       ?nmi_trap@@YAXIII@Z        0010095f f   exception.obj
 0001:0000057e       ?breakpoint_trap@@YAXIII@Z 0010097e f   exception.obj
 0001:0000059d       ?overflow_trap@@YAXIII@Z   0010099d f   exception.obj
 0001:000005bc       ?bounds_check_fault@@YAXIII@Z 001009bc f   exception.obj
 0001:000005db       ?invalid_opcode_fault@@YAXIII@Z 001009db f   exception.obj
 0001:000005fa       ?no_device_fault@@YAXIII@Z 001009fa f   exception.obj
 0001:00000619       ?double_fault_abort@@YAXIIII@Z 00100a19 f   exception.obj
 0001:00000638       ?invalid_tss_fault@@YAXIIII@Z 00100a38 f   exception.obj
 0001:00000657       ?no_segment_fault@@YAXIIII@Z 00100a57 f   exception.obj
 0001:00000676       ?stack_fault@@YAXIIII@Z    00100a76 f   exception.obj
 0001:00000695       ?general_protection_fault@@YAXIIII@Z 00100a95 f   exception.obj
 0001:000006b4       ?page_fault@@YAXIIII@Z     00100ab4 f   exception.obj
 0001:000006de       ?fpu_fault@@YAXIII@Z       00100ade f   exception.obj
 0001:000006fa       ?alignment_check_fault@@YAXIIII@Z 00100afa f   exception.obj
 0001:00000716       ?machine_check_abort@@YAXIII@Z 00100b16 f   exception.obj
 0001:00000732       ?simd_fpu_fault@@YAXIII@Z  00100b32 f   exception.obj
 0001:0000074e       ?mmap_set@@YAXH@Z          00100b4e f i mmngr_phys.obj
 0001:0000077b       ?mmap_unset@@YAXH@Z        00100b7b f i mmngr_phys.obj
 0001:000007aa       ?mmap_test@@YA_NH@Z        00100baa f i mmngr_phys.obj
 0001:000007da       ?pmmngr_init_region@@YAXII@Z 00100bda f   mmngr_phys.obj
 0001:00000808       ?pmmngr_deinit_region@@YAXII@Z 00100c08 f   mmngr_phys.obj
 0001:00000836       ?pmmngr_free_block@@YAXPAX@Z 00100c36 f   mmngr_phys.obj
 0001:0000084b       ?pmmngr_free_blocks@@YAXPAXI@Z 00100c4b f   mmngr_phys.obj
 0001:00000878       ?pmmngr_get_block_count@@YAIXZ 00100c78 f   mmngr_phys.obj
 0001:0000087e       ?pmmngr_get_use_block_count@@YAIXZ 00100c7e f   mmngr_phys.obj
 0001:00000884       ?pmmngr_get_free_block_count@@YAIXZ 00100c84 f   mmngr_phys.obj
 0001:00000890       ?mmap_first_free@@YAHXZ    00100c90 f   mmngr_phys.obj
 0001:000008d0       ?mmap_first_free_s@@YAHI@Z 00100cd0 f   mmngr_phys.obj
 0001:00000978       ?pmmngr_init@@YAXII@Z      00100d78 f   mmngr_phys.obj
 0001:000009ab       ?pmmngr_alloc_block@@YAPAXXZ 00100dab f   mmngr_phys.obj
 0001:000009e0       ?pmmngr_alloc_blocks@@YAPAXI@Z 00100de0 f   mmngr_phys.obj
 0001:00000a30       ?kernel_panic@@YAXPBDZZ    00100e30 f   panic.obj
 0001:00000aa0       ?Exit@@YAXXZ               00100ea0 f   Lib:cstd.obj
 0001:00000ae0       ?InitializeConstructors@@YAXXZ 00100ee0 f   Lib:cstd.obj
 0001:00000b20       ?strcpy@@YAPADPADPBD@Z     00100f20 f   Lib:string.obj
 0001:00000b40       ?strlen@@YAIPBD@Z          00100f40 f   Lib:string.obj
 0001:00000b60       ?memset@@YAPAXPAXDI@Z      00100f60 f   Lib:string.obj
 0001:00000b80       ?vsprintf@@YAHPADPBDPAE@Z  00100f80 f   Lib:stdio.obj
 0001:00000d70       ?interruptdone@@YAXI@Z     00101170 f i Hal:Hal.obj
 0001:00000da0       ?outportb@@YAXGE@Z         001011a0 f   Hal:Hal.obj
 0001:00000db0       ?enable@@YAXXZ             001011b0 f   Hal:Hal.obj
 0001:00000dc0       ?disable@@YAXXZ            001011c0 f   Hal:Hal.obj
 0001:00000dd0       ?setvect@@YAXHA6AXXZ@Z     001011d0 f   Hal:Hal.obj
 0001:00000df0       ?hal_initialize@@YAHXZ     001011f0 f   Hal:Hal.obj
 0001:00000e20       ?i86_cpu_initialize@@YAHXZ 00101220 f   Hal:cpu.obj
 0001:00000e40       ?i86_pic_send_command@@YAXEE@Z 00101240 f i Hal:pic.obj
 0001:00000e70       ?i86_pic_initialize@@YAXEE@Z 00101270 f   Hal:pic.obj
 0001:00000ef0       ?i86_install_ir@@YAHIGGP6AXXZ@Z 001012f0 f   Hal:idt.obj
 0001:00000f40       ?i86_idt_initialize@@YAHG@Z 00101340 f   Hal:idt.obj
 0001:00000fd0       ?i86_pit_irq@@YAXXZ        001013d0 f   Hal:pit.obj
 0001:00000ff0       ?i86_pit_start_counter@@YAXIEE@Z 001013f0 f   Hal:pit.obj
 0001:00001050       ?i86_pit_initialize@@YAXXZ 00101450 f   Hal:pit.obj
 0001:00001070       ?i86_gdt_initialize@@YAHXZ 00101470 f   Hal:gdt.obj
 0002:00000000       ??_C@_0BA@BJOBDCJI@ACPI?5NVS?5Memory?$AA@ 00101600     main.obj
 0002:00000010       ??_C@_0N@EHGNOCNM@ACPI?5Reclaim?$AA@ 00101610     main.obj
 0002:00000020       ??_C@_08NKCLJDKG@Reserved?$AA@ 00101620     main.obj
 0002:0000002c       ??_C@_09PPNHOLKJ@Available?$AA@ 0010162c     main.obj
 0002:00000038       ??_C@_0DJ@DCCLNALJ@?6Unallocated?5p?5to?5free?5block?51?4?5@ 00101638     main.obj
 0002:00000074       ??_C@_0CD@IDLDPPCG@?6allocated?52?5blocks?5for?5p2?5at?50x@ 00101674     main.obj
 0002:00000098       ??_C@_0BF@FKNBJPNG@?6p?5allocated?5at?50x?$CFx?$AA@ 00101698     main.obj
 0002:000000b0       ??_C@_0FN@PGMCIDPB@?6pmm?5regions?5initialized?3?5?$CFi?5all@ 001016b0     main.obj
 0002:00000110       ??_C@_0DP@JJEEKKOB@region?5?$CFi?3?5start?3?50x?$CFx?$CFx?5length?5@ 00101710     main.obj
 0002:00000150       ??_C@_0BG@NANKAP@Physical?5Memory?5Map?3?6?$AA@ 00101750     main.obj
 0002:00000168       ??_C@_0EC@GJFLJNIH@pmm?5initialized?5with?5?$CFi?5KB?5physi@ 00101768     main.obj
 0002:000001b0       ??_C@_0FB@JMGOJCNI@?5?5?5?5?5?5?5?5?5?5?5?5?5?5?5?5?5?5?5?5?5?5?5?5?5?5?5?5?5?5?5?5@ 001017b0     main.obj
 0002:00000208       ??_C@_0FB@PNABOIGG@?5?5?5?5?5?5?5?5?5?5?5?5?5?5?5?5?5?5?5?5?$HO?$FL?5Physical?5@ 00101808     main.obj
 0002:0000025c       ??_C@_0DK@JPDKLIDN@Divide?5by?50?5at?5physical?5address?5@ 0010185c     exception.obj
 0002:00000298       ??_C@_0DK@EDMPBNNJ@Single?5step?5at?5physical?5address?5@ 00101898     exception.obj
 0002:000002d4       ??_C@_0DH@GMCEJAGH@NMI?5trap?5at?5physical?5address?5?$FL0x@ 001018d4     exception.obj
 0002:0000030c       ??_C@_0DO@HECKHEPE@Breakpoint?5trap?5at?5physical?5addr@ 0010190c     exception.obj
 0002:0000034c       ??_C@_0DM@MNLOBONG@Overflow?5trap?5at?5physical?5addres@ 0010194c     exception.obj
 0002:00000388       ??_C@_0EB@HFKENDCB@Bounds?5check?5fault?5at?5physical?5a@ 00101988     exception.obj
 0002:000003cc       ??_C@_0DN@FMJKFMBE@Invalid?5opcode?5at?5physical?5addre@ 001019cc     exception.obj
 0002:00000410       ??_C@_0EF@KCMEFAME@Device?5not?5found?5fault?5at?5physic@ 00101a10     exception.obj
 0002:00000458       ??_C@_0DL@BJKFIMCG@Double?5fault?5at?5physical?5address@ 00101a58     exception.obj
 0002:00000494       ??_C@_0DK@KHBDCCLO@Invalid?5TSS?5at?5physical?5address?5@ 00101a94     exception.obj
 0002:000004d0       ??_C@_0DO@CBMNIOP@Invalid?5segment?5at?5physical?5addr@ 00101ad0     exception.obj
 0002:00000510       ??_C@_0DK@KPJEDBGP@Stack?5fault?5at?5physical?5address?5@ 00101b10     exception.obj
 0002:00000550       ??_C@_0EH@GNLNLLGH@General?5Protection?5Fault?5at?5phys@ 00101b50     exception.obj
 0002:00000598       ??_C@_0DB@ONAGEJDI@Page?5Fault?5at?50x?$CFx?30x?$CFx?5refrence@ 00101b98     exception.obj
 0002:000005cc       ??_C@_0DI@IOMECPMK@FPU?5Fault?5at?5physical?5address?5?$FL0@ 00101bcc     exception.obj
 0002:00000604       ??_C@_0DO@NIKHDGLG@Alignment?5Check?5at?5physical?5addr@ 00101c04     exception.obj
 0002:00000644       ??_C@_0DM@OKKADJIB@Machine?5Check?5at?5physical?5addres@ 00101c44     exception.obj
 0002:00000680       ??_C@_0DN@OBNBAIHA@FPU?5SIMD?5fault?5at?5physical?5addre@ 00101c80     exception.obj
 0002:000006c0       ??_C@_0FM@GCJJFBAK@An?5internal?5error?5was?5detected?4?5@ 00101cc0     panic.obj
 0002:00000720       ??_C@_0BJE@DIIIEOKN@?5?5?5?5?5?5?5?5?5?5?5?5?5?5?5?5?5?5?5?5?5?5?5?5?5?5?5?5?5?5?5?5@ 00101d20     panic.obj
 0002:000008b4       ??_C@_0BA@EIKHFOBF@?$CK?$CK?$CK?5STOP?3?5?$CFs?5?6?6?$AA@ 00101eb4     panic.obj
 0003:00000000       ?__xc_a@@3PAP6AXXZA        00102000     Lib:cstd.obj
 0003:00000004       ?__xc_z@@3PAP6AXXZA        00102004     Lib:cstd.obj
 0003:00000008       ?strMemoryTypes@@3PAPADA   00102008     main.obj
 0003:00000018       ?video_memory@@3PAGA       00102018     DebugDisplay.obj
 0003:0000001c       ?bchars@@3PADA             0010201c     DebugDisplay.obj
 0003:00000038       __fltused                  00102038     Lib:cstd.obj
 0003:00000040       ?tbuf@@3PADA               00102040     DebugDisplay.obj
 0003:00000060       ?cursor_x@@3EA             00102060     DebugDisplay.obj
 0003:00000061       ?cursor_y@@3EA             00102061     DebugDisplay.obj
 0003:00000062       ?_color@@3EA               00102062     DebugDisplay.obj

 entry point at        0000:00000000

 Static symbols

 0001:00000ee0       ?i86_default_handler@@YAXXZ 001012e0 f   Hal:idt.obj
